Vaihingen/top/top_mosaic_09cm_area29.tif
Vaihingen/top/top_mosaic_09cm_area22.tif
Vaihingen/top/top_mosaic_09cm_area21.tif
Vaihingen/top/top_mosaic_09cm_area16.tif
Vaihingen/top/top_mosaic_09cm_area38.tif
Vaihingen/top/top_mosaic_09cm_area5.tif
Vaihingen/top/top_mosaic_09cm_area12.tif
Vaihingen/top/top_mosaic_09cm_area33.tif
Vaihingen/top/top_mosaic_09cm_area15.tif
Vaihingen/top/top_mosaic_09cm_area8.tif
Vaihingen/top/top_mosaic_09cm_area7.tif
Vaihingen/top/top_mosaic_09cm_area30.tif
Vaihingen/top/top_mosaic_09cm_area4.tif
Vaihingen/top/top_mosaic_09cm_area14.tif
Vaihingen/top/top_mosaic_09cm_area1.tif
Vaihingen/top/top_mosaic_09cm_area31.tif
Vaihingen/top/top_mosaic_09cm_area13.tif
Vaihingen/top/top_mosaic_09cm_area11.tif
Vaihingen/top/top_mosaic_09cm_area27.tif
Vaihingen/top/top_mosaic_09cm_area37.tif
Vaihingen/top/top_mosaic_09cm_area32.tif
Vaihingen/top/top_mosaic_09cm_area26.tif
Vaihingen/top/top_mosaic_09cm_area24.tif
Vaihingen/top/top_mosaic_09cm_area10.tif
Vaihingen/top/top_mosaic_09cm_area34.tif
Vaihingen/top/top_mosaic_09cm_area35.tif
Vaihingen/top/top_mosaic_09cm_area20.tif
Vaihingen/top/top_mosaic_09cm_area23.tif
Vaihingen/top/top_mosaic_09cm_area6.tif
Vaihingen/top/top_mosaic_09cm_area2.tif
Vaihingen/top/top_mosaic_09cm_area17.tif
Vaihingen/top/top_mosaic_09cm_area28.tif
Vaihingen/top/top_mosaic_09cm_area3.tif
